// Jest Snapshot v1, https://goo.gl/fbAQLP

exports[`should render Header correctly 1`] = `
<header>
  <h1>
    Fix The Bank
  </h1>
  <h3>
    Keep track of your expenses
  </h3>
  <NavLink
    activeClassName="is-active"
    ariaCurrent="true"
    to="/dashboard"
  >
    Dashboard
  </NavLink>
   |
  <NavLink
    activeClassName="is-active"
    ariaCurrent="true"
    to="/create"
  >
    Log New Expense
  </NavLink>
   |
  <button
    onClick={[Function]}
  >
    Logout
  </button>
</header>
`;
